******************************************************************************
                  TI ARM Linker Unix v18.12.5                  
******************************************************************************
>> Linked Thu May  7 11:05:12 2020

OUTPUT FILE NAME:   <Smart Self-watering Flowerpot.out>
ENTRY POINT SYMBOL: "_c_int00_noargs"  address: 00003689


MEMORY CONFIGURATION

         name            origin    length      used     unused   attr    fill
----------------------  --------  ---------  --------  --------  ----  --------
  FLASH                 00000000   00040000  0000391d  0003c6e3  R  X
  SRAM                  20000000   00008000  0000100c  00006ff4  RW X


SEGMENT ALLOCATION MAP

run origin  load origin   length   init length attrs members
----------  ----------- ---------- ----------- ----- -------
00000000    00000000    00003920   00003920    r-x
  00000000    00000000    0000026c   0000026c    r-- .intvecs
  0000026c    0000026c    00003598   00003598    r-x .text
  00003804    00003804    00000101   00000101    r-- .const
  00003908    00003908    00000018   00000018    r-- .cinit
20000000    20000000    0000100c   00000000    rw-
  20000000    20000000    00001000   00000000    rw- .stack
  20001000    20001000    0000000c   00000000    rw- .data


SECTION ALLOCATION MAP

 output                                  attributes/
section   page    origin      length       input sections
--------  ----  ----------  ----------   ----------------
.intvecs   0    00000000    0000026c     
                  00000000    0000026c     tm4c123gh6pm_startup_ccs.obj (.intvecs)

.text      0    0000026c    00003598     
                  0000026c    00000b0c     main.obj (.text)
                  00000d78    00000a4e     rtsv7M4_T_le_v4SPD16_eabi.lib : _printfi.c.obj (.text:__TI_printfi)
                  000017c6    00000002                                   : div0.asm.obj (.text)
                  000017c8    00000270                                   : _printfi.c.obj (.text:_pconv_a)
                  00001a38    0000024c     speaker.obj (.text)
                  00001c84    000001d0     rtsv7M4_T_le_v4SPD16_eabi.lib : _printfi.c.obj (.text:_pconv_g)
                  00001e54    000001b8     comparator0.obj (.text)
                  0000200c    000001b6     rtsv7M4_T_le_v4SPD16_eabi.lib : fd_add_t2.asm.obj (.text)
                  000021c2    00000002     --HOLE-- [fill = 0]
                  000021c4    0000016c     uart0.obj (.text)
                  00002330    0000013c     rtsv7M4_T_le_v4SPD16_eabi.lib : _printfi.c.obj (.text:_pconv_e)
                  0000246c    00000136                                   : fd_div_t2.asm.obj (.text)
                  000025a2    00000002     --HOLE-- [fill = 0]
                  000025a4    00000124     eeprom.obj (.text)
                  000026c8    00000124     rtsv7M4_T_le_v4SPD16_eabi.lib : _printfi.c.obj (.text:fcvt)
                  000027ec    00000110                                   : s_scalbn.c.obj (.text:scalbn)
                  000028fc    00000104     adc0.obj (.text)
                  00002a00    000000fc     rtsv7M4_T_le_v4SPD16_eabi.lib : fd_mul_t2.asm.obj (.text)
                  00002afc    000000ec     lightsensor.obj (.text)
                  00002be8    000000ec     moisturesensor.obj (.text)
                  00002cd4    000000cc     batteryvoltage.obj (.text)
                  00002da0    000000b1     rtsv7M4_T_le_v4SPD16_eabi.lib : _printfi.c.obj (.text:_ltostr)
                  00002e51    00000001     --HOLE-- [fill = 0]
                  00002e52    0000009c                                   : memcpy_t2.asm.obj (.text)
                  00002eee    00000096                                   : ull_div_t2.asm.obj (.text)
                  00002f84    00000086                                   : fd_cmp_t2.asm.obj (.text:__aeabi_cdcmple)
                  0000300a    00000086                                   : fd_cmp_t2.asm.obj (.text:__aeabi_cdrcmple)
                  00003090    0000007a                                   : memset_t2.asm.obj (.text)
                  0000310a    0000006e                                   : _printfi.c.obj (.text:_mcpy)
                  00003178    0000006e                                   : fd_tos_t2.asm.obj (.text)
                  000031e6    00000068                                   : copy_decompress_lzss.c.obj (.text:decompress:lzss:__TI_decompress_lzss)
                  0000324e    00000002     --HOLE-- [fill = 0]
                  00003250    00000064                                   : s_frexp.c.obj (.text:frexp)
                  000032b4    00000064     hibernation.obj (.text)
                  00003318    00000060     motorcontroller.obj (.text)
                  00003378    00000056     rtsv7M4_T_le_v4SPD16_eabi.lib : _printfi.c.obj (.text:_pconv_f)
                  000033ce    00000054                                   : ltoa.c.obj (.text:ltoa)
                  00003422    00000052                                   : _printfi.c.obj (.text:_ecpy)
                  00003474    0000004c                                   : atoi.c.obj (.text:atoi)
                  000034c0    00000048                                   : fd_toi_t2.asm.obj (.text)
                  00003508    00000044                                   : autoinit.c.obj (.text:__TI_auto_init_nobinit_nopinit:__TI_auto_init_nobinit_nopinit)
                  0000354c    00000044                                   : fd_tou_t2.asm.obj (.text)
                  00003590    00000040                                   : u_divt2.asm.obj (.text)
                  000035d0    00000040                                   : sprintf.c.obj (.text:sprintf)
                  00003610    0000003e                                   : _printfi.c.obj (.text:_fcpy)
                  0000364e    00000038                                   : fs_tod_t2.asm.obj (.text)
                  00003686    00000002     --HOLE-- [fill = 0]
                  00003688    00000034                                   : boot_cortex_m.c.obj (.text:_c_int00_noargs:_c_int00_noargs)
                  000036bc    0000002e                                   : i_tofd_t2.asm.obj (.text)
                  000036ea    00000024     wait.obj (.text)
                  0000370e    00000020     rtsv7M4_T_le_v4SPD16_eabi.lib : u_tofd_t2.asm.obj (.text)
                  0000372e    0000001c                                   : memccpy.c.obj (.text:memccpy)
                  0000374a    0000001a                                   : s_copysign.c.obj (.text:copysign)
                  00003764    00000018                                   : sprintf.c.obj (.text:_outs)
                  0000377c    00000018                                   : strcmp.c.obj (.text:strcmp)
                  00003794    00000016                                   : strchr.c.obj (.text:strchr)
                  000037aa    00000014                                   : strlen.c.obj (.text:strlen)
                  000037be    00000012                                   : wcslen.c.obj (.text:wcslen)
                  000037d0    0000000e                                   : copy_decompress_none.c.obj (.text:decompress:none:__TI_decompress_none)
                  000037de    0000000c     tm4c123gh6pm_startup_ccs.obj (.text)
                  000037ea    0000000a     rtsv7M4_T_le_v4SPD16_eabi.lib : sprintf.c.obj (.text:_outc)
                  000037f4    00000008                                   : errno.c.obj (.text:__aeabi_errno_addr)
                  000037fc    00000004                                   : pre_init.c.obj (.text:_system_pre_init)
                  00003800    00000004                                   : exit.c.obj (.text:abort:abort)

.const     0    00003804    00000101     
                  00003804    00000101     rtsv7M4_T_le_v4SPD16_eabi.lib : ctype.c.obj (.const:.string:_ctypes_)

.cinit     0    00003908    00000018     
                  00003908    00000008     (__TI_handler_table)
                  00003910    00000007     (.cinit..data.load) [load image, compression = lzss]
                  00003917    00000001     --HOLE-- [fill = 0]
                  00003918    00000008     (__TI_cinit_table)

.init_array 
*          0    00000000    00000000     UNINITIALIZED

.data      0    20001000    0000000c     UNINITIALIZED
                  20001000    00000004     comparator0.obj (.data)
                  20001004    00000004     main.obj (.data)
                  20001008    00000004     rtsv7M4_T_le_v4SPD16_eabi.lib : errno.c.obj (.data)

.stack     0    20000000    00001000     UNINITIALIZED
                  20000000    00000004     rtsv7M4_T_le_v4SPD16_eabi.lib : boot_cortex_m.c.obj (.stack)
                  20000004    00000ffc     --HOLE--

MODULE SUMMARY

       Module                         code    ro data   rw data
       ------                         ----    -------   -------
    ./
       main.obj                       2828    0         4      
       tm4c123gh6pm_startup_ccs.obj   12      620       0      
       speaker.obj                    588     0         0      
       comparator0.obj                440     0         4      
       uart0.obj                      364     0         0      
       eeprom.obj                     292     0         0      
       adc0.obj                       260     0         0      
       lightsensor.obj                236     0         0      
       moisturesensor.obj             236     0         0      
       batteryvoltage.obj             204     0         0      
       hibernation.obj                100     0         0      
       motorcontroller.obj            96      0         0      
       wait.obj                       36      0         0      
    +--+------------------------------+-------+---------+---------+
       Total:                         5692    620       8      
                                                               
    /Applications/ti/ccs930/ccs/tools/compiler/ti-cgt-arm_18.12.5.LTS/lib/rtsv7M4_T_le_v4SPD16_eabi.lib
       _printfi.c.obj                 4851    0         0      
       fd_add_t2.asm.obj              438     0         0      
       fd_div_t2.asm.obj              310     0         0      
       s_scalbn.c.obj                 272     0         0      
       fd_cmp_t2.asm.obj              268     0         0      
       ctype.c.obj                    0       257       0      
       fd_mul_t2.asm.obj              252     0         0      
       memcpy_t2.asm.obj              156     0         0      
       ull_div_t2.asm.obj             150     0         0      
       memset_t2.asm.obj              122     0         0      
       fd_tos_t2.asm.obj              110     0         0      
       copy_decompress_lzss.c.obj     104     0         0      
       s_frexp.c.obj                  100     0         0      
       sprintf.c.obj                  98      0         0      
       ltoa.c.obj                     84      0         0      
       atoi.c.obj                     76      0         0      
       fd_toi_t2.asm.obj              72      0         0      
       autoinit.c.obj                 68      0         0      
       fd_tou_t2.asm.obj              68      0         0      
       u_divt2.asm.obj                64      0         0      
       fs_tod_t2.asm.obj              56      0         0      
       boot_cortex_m.c.obj            52      0         0      
       i_tofd_t2.asm.obj              46      0         0      
       u_tofd_t2.asm.obj              32      0         0      
       memccpy.c.obj                  28      0         0      
       s_copysign.c.obj               26      0         0      
       strcmp.c.obj                   24      0         0      
       strchr.c.obj                   22      0         0      
       strlen.c.obj                   20      0         0      
       wcslen.c.obj                   18      0         0      
       copy_decompress_none.c.obj     14      0         0      
       errno.c.obj                    8       0         4      
       exit.c.obj                     4       0         0      
       pre_init.c.obj                 4       0         0      
       div0.asm.obj                   2       0         0      
    +--+------------------------------+-------+---------+---------+
       Total:                         8019    257       4      
                                                               
       Stack:                         0       0         4096   
       Linker Generated:              0       23        0      
    +--+------------------------------+-------+---------+---------+
       Grand Total:                   13711   900       4108   


LINKER GENERATED COPY TABLES

__TI_cinit_table @ 00003918 records: 1, size/record: 8, table size: 8
	.data: load addr=00003910, load size=00000007 bytes, run addr=20001000, run size=0000000c bytes, compression=lzss


LINKER GENERATED HANDLER TABLE

__TI_handler_table @ 00003908 records: 2, size/record: 4, table size: 8
	index: 0, handler: __TI_decompress_lzss
	index: 1, handler: __TI_decompress_none


GLOBAL SYMBOLS: SORTED ALPHABETICALLY BY Name 

address   name                          
-------   ----                          
00003801  C$$EXIT                       
000037df  ResetISR                      
20001000  __STACK_END                   
00001000  __STACK_SIZE                  
20000200  __STACK_TOP                   
00003918  __TI_CINIT_Base               
00003920  __TI_CINIT_Limit              
00003908  __TI_Handler_Table_Base       
00003910  __TI_Handler_Table_Limit      
00003509  __TI_auto_init_nobinit_nopinit
000031e7  __TI_decompress_lzss          
000037d1  __TI_decompress_none          
ffffffff  __TI_pprof_out_hndl           
00000d79  __TI_printfi                  
ffffffff  __TI_prof_data_size           
ffffffff  __TI_prof_data_start          
00000000  __TI_static_base__            
00002f85  __aeabi_cdcmpeq               
00002f85  __aeabi_cdcmple               
0000300b  __aeabi_cdrcmple              
00003179  __aeabi_d2f                   
000034c1  __aeabi_d2iz                  
0000354d  __aeabi_d2uiz                 
00002017  __aeabi_dadd                  
0000246d  __aeabi_ddiv                  
00002a01  __aeabi_dmul                  
0000200d  __aeabi_dsub                  
000037f5  __aeabi_errno_addr            
0000364f  __aeabi_f2d                   
000036bd  __aeabi_i2d                   
000017c7  __aeabi_idiv0                 
000017c7  __aeabi_ldiv0                 
00003091  __aeabi_memclr                
00003091  __aeabi_memclr4               
00003091  __aeabi_memclr8               
00002e53  __aeabi_memcpy                
00002e53  __aeabi_memcpy4               
00002e53  __aeabi_memcpy8               
00003093  __aeabi_memset                
00003093  __aeabi_memset4               
00003093  __aeabi_memset8               
0000370f  __aeabi_ui2d                  
00003591  __aeabi_uidiv                 
00003591  __aeabi_uidivmod              
00002eef  __aeabi_uldivmod              
ffffffff  __binit__                     
ffffffff  __c_args__                    
UNDEFED   __mpu_init                    
20000000  __stack                       
00003689  _c_int00_noargs               
00003804  _ctypes_                      
UNDEFED   _system_post_cinit            
000037fd  _system_pre_init              
00003801  abort                         
000002ff  alpha                         
00003475  atoi                          
ffffffff  binit                         
0000374b  copysign                      
0000374b  copysignl                     
00003357  disablePump                   
000025a5  eeprominit                    
0000334f  enablePump                    
0000266f  eraseeeprom                   
20001008  errno                         
00003251  frexp                         
00003251  frexpl                        
00000000  g_pfnVectors                  
00002d0b  getBatteryVoltage             
000032ed  getCurrentSeconds             
00000555  getFieldInteger               
00000507  getFieldString                
00002b33  getLightPercentage            
00002c1f  getMoisturePercentage         
00001f31  getVolume                     
000022c7  getcUart0                     
0000027b  getsUart0                     
000028fd  initAdc0Ss3                   
00001e55  initCOMP                      
00001ec1  initDEINT                     
000032b5  initHibernationHW             
0000026d  initHw                        
00003319  initMOTORHW                   
00001a39  initSPEAKERHW                 
00001ef7  initTIMER1                    
000021c5  initUart0                     
00002cd5  initbatteryHw                 
00002afd  initlightsensor               
00002be9  initmoisturesensor            
000005db  isCommand                     
00000613  isWateringAllowed             
000022db  kbhitUart0                    
000027ed  ldexp                         
000027ed  ldexpl                        
000033cf  ltoa                          
00000639  main                          
0000372f  memccpy                       
00002e53  memcpy                        
00003099  memset                        
00000331  numeric                       
0000036b  parseFields                   
00001ab7  playBatteryLowAlert           
00001b77  playWaterLowAlert             
0000227f  putcUart0                     
0000229b  putsUart0                     
000029af  readAdc0Ss3                   
00002613  readeeprom                    
000027ed  scalbn                        
000027ed  scalbnl                       
00002943  setAdc0Ss3Log2AverageCount    
00002987  setAdc0Ss3Mux                 
00002253  setUart0BaudRate              
000035d1  sprintf                       
00003795  strchr                        
0000377d  strcmp                        
000037ab  strlen                        
00001aa5  timer2Isr                     
20001004  vol                           
20001000  volume                        
000036eb  waitMicrosecond               
000037bf  wcslen                        
0000263f  writeeeprom                   


GLOBAL SYMBOLS: SORTED BY Symbol Address 

address   name                          
-------   ----                          
00000000  __TI_static_base__            
00000000  g_pfnVectors                  
0000026d  initHw                        
0000027b  getsUart0                     
000002ff  alpha                         
00000331  numeric                       
0000036b  parseFields                   
00000507  getFieldString                
00000555  getFieldInteger               
000005db  isCommand                     
00000613  isWateringAllowed             
00000639  main                          
00000d79  __TI_printfi                  
00001000  __STACK_SIZE                  
000017c7  __aeabi_idiv0                 
000017c7  __aeabi_ldiv0                 
00001a39  initSPEAKERHW                 
00001aa5  timer2Isr                     
00001ab7  playBatteryLowAlert           
00001b77  playWaterLowAlert             
00001e55  initCOMP                      
00001ec1  initDEINT                     
00001ef7  initTIMER1                    
00001f31  getVolume                     
0000200d  __aeabi_dsub                  
00002017  __aeabi_dadd                  
000021c5  initUart0                     
00002253  setUart0BaudRate              
0000227f  putcUart0                     
0000229b  putsUart0                     
000022c7  getcUart0                     
000022db  kbhitUart0                    
0000246d  __aeabi_ddiv                  
000025a5  eeprominit                    
00002613  readeeprom                    
0000263f  writeeeprom                   
0000266f  eraseeeprom                   
000027ed  ldexp                         
000027ed  ldexpl                        
000027ed  scalbn                        
000027ed  scalbnl                       
000028fd  initAdc0Ss3                   
00002943  setAdc0Ss3Log2AverageCount    
00002987  setAdc0Ss3Mux                 
000029af  readAdc0Ss3                   
00002a01  __aeabi_dmul                  
00002afd  initlightsensor               
00002b33  getLightPercentage            
00002be9  initmoisturesensor            
00002c1f  getMoisturePercentage         
00002cd5  initbatteryHw                 
00002d0b  getBatteryVoltage             
00002e53  __aeabi_memcpy                
00002e53  __aeabi_memcpy4               
00002e53  __aeabi_memcpy8               
00002e53  memcpy                        
00002eef  __aeabi_uldivmod              
00002f85  __aeabi_cdcmpeq               
00002f85  __aeabi_cdcmple               
0000300b  __aeabi_cdrcmple              
00003091  __aeabi_memclr                
00003091  __aeabi_memclr4               
00003091  __aeabi_memclr8               
00003093  __aeabi_memset                
00003093  __aeabi_memset4               
00003093  __aeabi_memset8               
00003099  memset                        
00003179  __aeabi_d2f                   
000031e7  __TI_decompress_lzss          
00003251  frexp                         
00003251  frexpl                        
000032b5  initHibernationHW             
000032ed  getCurrentSeconds             
00003319  initMOTORHW                   
0000334f  enablePump                    
00003357  disablePump                   
000033cf  ltoa                          
00003475  atoi                          
000034c1  __aeabi_d2iz                  
00003509  __TI_auto_init_nobinit_nopinit
0000354d  __aeabi_d2uiz                 
00003591  __aeabi_uidiv                 
00003591  __aeabi_uidivmod              
000035d1  sprintf                       
0000364f  __aeabi_f2d                   
00003689  _c_int00_noargs               
000036bd  __aeabi_i2d                   
000036eb  waitMicrosecond               
0000370f  __aeabi_ui2d                  
0000372f  memccpy                       
0000374b  copysign                      
0000374b  copysignl                     
0000377d  strcmp                        
00003795  strchr                        
000037ab  strlen                        
000037bf  wcslen                        
000037d1  __TI_decompress_none          
000037df  ResetISR                      
000037f5  __aeabi_errno_addr            
000037fd  _system_pre_init              
00003801  C$$EXIT                       
00003801  abort                         
00003804  _ctypes_                      
00003908  __TI_Handler_Table_Base       
00003910  __TI_Handler_Table_Limit      
00003918  __TI_CINIT_Base               
00003920  __TI_CINIT_Limit              
20000000  __stack                       
20000200  __STACK_TOP                   
20001000  __STACK_END                   
20001000  volume                        
20001004  vol                           
20001008  errno                         
ffffffff  __TI_pprof_out_hndl           
ffffffff  __TI_prof_data_size           
ffffffff  __TI_prof_data_start          
ffffffff  __binit__                     
ffffffff  __c_args__                    
ffffffff  binit                         
UNDEFED   __mpu_init                    
UNDEFED   _system_post_cinit            

[121 symbols]
